

HI-TECH Software PIC PRO Macro Assembler V9.83 build 10920 
                                                                                               Sun Jan 02 21:08:46 2022

HI-TECH Software Omniscient Code Generator (PRO mode) build 10920
     1                           	processor	16F1938
     2                           	opt	pw 120
     3                           	opt	pm
     4                           	psect	text37,local,class=CODE,delta=2
     5                           	psect	cinit,global,class=CODE,delta=2
     6                           	psect	cstackCOMMON,global,class=COMMON,space=1,delta=1
     7                           	psect	text40,local,class=CODE,delta=2
     8                           	psect	pa_nodes,global,class=CODE,delta=2
     9                           	dabs	1,0x7E,2
    10  000A                     
    11                           	psect	text37
    12  0000                     __ptext37:	
    13  000B                     _INTCON	set	11
    14  000C                     _PORTA	set	12
    15  000D                     _PORTB	set	13
    16  000E                     _PORTC	set	14
    17  0095                     _CKOCON	set	149
    18  0099                     _OSCCON	set	153
    19  009A                     _PCKEN	set	154
    20  008C                     _TRISA	set	140
    21  008D                     _TRISB	set	141
    22  008E                     _TRISC	set	142
    23  011A                     _PSRC0	set	282
    24  011B                     _PSRC1	set	283
    25  0197                     _ANSELA	set	407
    26  019A                     _PSINK0	set	410
    27  019B                     _PSINK1	set	411
    28  019C                     _PSINK2	set	412
    29  018C                     _WPUA	set	396
    30  018D                     _WPUB	set	397
    31  018E                     _WPUC	set	398
    32  021D                     _TIM1CCER1	set	541
    33  021E                     _TIM1CCER2	set	542
    34  0219                     _TIM1CCMR1	set	537
    35  021A                     _TIM1CCMR2	set	538
    36  021B                     _TIM1CCMR3	set	539
    37  021C                     _TIM1CCMR4	set	540
    38  0211                     _TIM1CR1	set	529
    39  0212                     _TIM1CR2	set	530
    40  0218                     _TIM1EGR	set	536
    41  0214                     _TIM1ETR	set	532
    42  0215                     _TIM1IER	set	533
    43  0213                     _TIM1SMCR	set	531
    44  0216                     _TIM1SR1	set	534
    45  0217                     _TIM1SR2	set	535
    46  020C                     _WPDA	set	524
    47  020D                     _WPDB	set	525
    48  020E                     _WPDC	set	526
    49  0290                     _TIM1ARRH	set	656
    50  0291                     _TIM1ARRL	set	657
    51  029B                     _TIM1BKR	set	667
    52  0293                     _TIM1CCR1H	set	659
    53  0294                     _TIM1CCR1L	set	660
    54  028C                     _TIM1CNTRH	set	652
    55  028D                     _TIM1CNTRL	set	653
    56  029C                     _TIM1DTR	set	668
    57  029D                     _TIM1OISR	set	669
    58  028E                     _TIM1PSCRH	set	654
    59  028F                     _TIM1PSCRL	set	655
    60  0292                     _TIM1RCR	set	658
    61  031F                     _TCKSRC	set	799
    62  041C                     _LEBCON	set	1052
    63                           
    64                           	psect	cinit
    65  07A6                     start_initialization:	
    66  07A6                     end_of_initialization:	
    67                           ;End of C runtime variable initialization code
    68                           
    69  07A6  0020               	movlb	0
    70  07A7  2FA8               	ljmp	_main	;jump to C main() function
    71  07A8                     __pmaintext:	
    72                           ; 0 bytes @ 0x0
    73 ;;Data sizes: Strings 0, constant 0, data 0, bss 0, persistent 0 stack 0
    74 ;;Auto spaces:   Size  Autos    Used
    75 ;; COMMON          14      0       0
    76 ;; BANK0           80      0       0
    77 ;; BANK1           80      0       0
    78 ;; BANK2           80      0       0
    79 ;; BANK3           80      0       0
    80 ;; BANK4           80      0       0
    81 ;; BANK5           80      0       0
    82 ;; BANK6           16      0       0
    83 ;;
    84 ;; Pointer list with targets:
    85 ;;
    86 ;; Critical Paths under _main in COMMON
    87 ;;
    88 ;;   None.
    89 ;;
    90 ;; Critical Paths under _main in BANK0
    91 ;;
    92 ;;   None.
    93 ;;
    94 ;; Critical Paths under _main in BANK1
    95 ;;
    96 ;;   None.
    97 ;;
    98 ;; Critical Paths under _main in BANK2
    99 ;;
   100 ;;   None.
   101 ;;
   102 ;; Critical Paths under _main in BANK3
   103 ;;
   104 ;;   None.
   105 ;;
   106 ;; Critical Paths under _main in BANK4
   107 ;;
   108 ;;   None.
   109 ;;
   110 ;; Critical Paths under _main in BANK5
   111 ;;
   112 ;;   None.
   113 ;;
   114 ;; Critical Paths under _main in BANK6
   115 ;;
   116 ;;   None.
   117 ;;
   118 ;;Main: autosize = 0, tempsize = 0, incstack = 0, save=0
   119 ;;
   120 ;;
   121 ;;Call Graph Tables:
   122 ;;
   123 ;; ---------------------------------------------------------------------------------
   124 ;; (Depth) Function   	        Calls       Base Space   Used Autos Params    Refs
   125 ;; ---------------------------------------------------------------------------------
   126 ;; (0) _main                                                 0     0      0       0
   127 ;;                      _POWER_INITIAL
   128 ;;                       _Time1Initial
   129 ;; ---------------------------------------------------------------------------------
   130 ;; (1) _Time1Initial                                         0     0      0       0
   131 ;; ---------------------------------------------------------------------------------
   132 ;; (1) _POWER_INITIAL                                        0     0      0       0
   133 ;; ---------------------------------------------------------------------------------
   134 ;; Estimated maximum stack depth 1
   135 ;; ---------------------------------------------------------------------------------
   136 ;; Call Graph Graphs:
   137 ;; _main (ROOT)
   138 ;;   _POWER_INITIAL
   139 ;;   _Time1Initial
   140 ;;
   141 ;; Address spaces:
   142 ;;Name               Size   Autos  Total    Cost      Usage
   143 ;;BIGRAM             1F0      0       0       0        0.0%
   144 ;;EEDATA              80      0       0       0        0.0%
   145 ;;NULL                 0      0       0       0        0.0%
   146 ;;CODE                 0      0       0       0        0.0%
   147 ;;BITCOMMON            E      0       0       1        0.0%
   148 ;;BITSFR0              0      0       0       1        0.0%
   149 ;;SFR0                 0      0       0       1        0.0%
   150 ;;COMMON               E      0       0       2        0.0%
   151 ;;BITSFR1              0      0       0       2        0.0%
   152 ;;SFR1                 0      0       0       2        0.0%
   153 ;;BITSFR2              0      0       0       3        0.0%
   154 ;;SFR2                 0      0       0       3        0.0%
   155 ;;STACK                0      0       1       3        0.0%
   156 ;;BITSFR3              0      0       0       4        0.0%
   157 ;;SFR3                 0      0       0       4        0.0%
   158 ;;ABS                  0      0       0       4        0.0%
   159 ;;BITBANK0            50      0       0       5        0.0%
   160 ;;BITSFR4              0      0       0       5        0.0%
   161 ;;SFR4                 0      0       0       5        0.0%
   162 ;;BANK0               50      0       0       6        0.0%
   163 ;;BITSFR5              0      0       0       6        0.0%
   164 ;;SFR5                 0      0       0       6        0.0%
   165 ;;BITBANK1            50      0       0       7        0.0%
   166 ;;BITSFR6              0      0       0       7        0.0%
   167 ;;SFR6                 0      0       0       7        0.0%
   168 ;;BANK1               50      0       0       8        0.0%
   169 ;;BITSFR7              0      0       0       8        0.0%
   170 ;;SFR7                 0      0       0       8        0.0%
   171 ;;BITBANK2            50      0       0       9        0.0%
   172 ;;BITSFR8              0      0       0       9        0.0%
   173 ;;SFR8                 0      0       0       9        0.0%
   174 ;;BANK2               50      0       0      10        0.0%
   175 ;;BITSFR9              0      0       0      10        0.0%
   176 ;;SFR9                 0      0       0      10        0.0%
   177 ;;BITBANK3            50      0       0      11        0.0%
   178 ;;BITSFR10             0      0       0      11        0.0%
   179 ;;SFR10                0      0       0      11        0.0%
   180 ;;BANK3               50      0       0      12        0.0%
   181 ;;BITSFR11             0      0       0      12        0.0%
   182 ;;SFR11                0      0       0      12        0.0%
   183 ;;BITBANK4            50      0       0      13        0.0%
   184 ;;BITSFR12             0      0       0      13        0.0%
   185 ;;SFR12                0      0       0      13        0.0%
   186 ;;BANK4               50      0       0      14        0.0%
   187 ;;BITSFR13             0      0       0      14        0.0%
   188 ;;SFR13                0      0       0      14        0.0%
   189 ;;BITBANK5            50      0       0      15        0.0%
   190 ;;BITSFR14             0      0       0      15        0.0%
   191 ;;SFR14                0      0       0      15        0.0%
   192 ;;BANK5               50      0       0      16        0.0%
   193 ;;BITSFR15             0      0       0      16        0.0%
   194 ;;SFR15                0      0       0      16        0.0%
   195 ;;BITBANK6            10      0       0      17        0.0%
   196 ;;BITSFR16             0      0       0      17        0.0%
   197 ;;SFR16                0      0       0      17        0.0%
   198 ;;BANK6               10      0       0      18        0.0%
   199 ;;BITSFR17             0      0       0      18        0.0%
   200 ;;SFR17                0      0       0      18        0.0%
   201 ;;BITSFR18             0      0       0      19        0.0%
   202 ;;SFR18                0      0       0      19        0.0%
   203 ;;DATA                 0      0       0      19        0.0%
   204 ;;BITSFR19             0      0       0      20        0.0%
   205 ;;SFR19                0      0       0      20        0.0%
   206 ;;BITSFR20             0      0       0      21        0.0%
   207 ;;SFR20                0      0       0      21        0.0%
   208 ;;BITSFR21             0      0       0      22        0.0%
   209 ;;SFR21                0      0       0      22        0.0%
   210 ;;BITSFR22             0      0       0      23        0.0%
   211 ;;SFR22                0      0       0      23        0.0%
   212 ;;BITSFR23             0      0       0      24        0.0%
   213 ;;SFR23                0      0       0      24        0.0%
   214 ;;BITSFR24             0      0       0      25        0.0%
   215 ;;SFR24                0      0       0      25        0.0%
   216 ;;BITSFR25             0      0       0      26        0.0%
   217 ;;SFR25                0      0       0      26        0.0%
   218 ;;BITSFR26             0      0       0      27        0.0%
   219 ;;SFR26                0      0       0      27        0.0%
   220 ;;BITSFR27             0      0       0      28        0.0%
   221 ;;SFR27                0      0       0      28        0.0%
   222 ;;BITSFR28             0      0       0      29        0.0%
   223 ;;SFR28                0      0       0      29        0.0%
   224 ;;BITSFR29             0      0       0      30        0.0%
   225 ;;SFR29                0      0       0      30        0.0%
   226 ;;BITSFR30             0      0       0      31        0.0%
   227 ;;SFR30                0      0       0      31        0.0%
   228 ;;BITSFR31             0      0       0      32        0.0%
   229 ;;SFR31                0      0       0      32        0.0%
   230                           
   231                           
   232 ;; *************** function _main *****************
   233 ;; Defined at:
   234 ;;		line 501 in file "test_61f14x_TIM1_PWM.C"
   235 ;; Parameters:    Size  Location     Type
   236 ;;		None
   237 ;; Auto vars:     Size  Location     Type
   238 ;;		None
   239 ;; Return value:  Size  Location     Type
   240 ;;		None               void
   241 ;; Registers used:
   242 ;;		wreg, status,2, status,0, pclath, cstack
   243 ;; Tracked objects:
   244 ;;		On entry : 17F/0
   245 ;;		On exit  : 0/0
   246 ;;		Unchanged: 0/0
   247 ;; Data sizes:     COMMON   BANK0   BANK1   BANK2   BANK3   BANK4   BANK5   BANK6
   248 ;;      Params:         0       0       0       0       0       0       0       0
   249 ;;      Locals:         0       0       0       0       0       0       0       0
   250 ;;      Temps:          0       0       0       0       0       0       0       0
   251 ;;      Totals:         0       0       0       0       0       0       0       0
   252 ;;Total ram usage:        0 bytes
   253 ;; Hardware stack levels required when called:    1
   254 ;; This function calls:
   255 ;;		_POWER_INITIAL
   256 ;;		_Time1Initial
   257 ;; This function is called by:
   258 ;;		Startup code after reset
   259 ;; This function uses a non-reentrant model
   260 ;;
   261  07A8                     _main:	
   262                           
   263                           ;test_61f14x_TIM1_PWM.C: 502: POWER_INITIAL();
   264                           
   265                           ; Regs used in _main: [wreg+status,2+status,0+pclath+cstack]
   266  07A8  27AE  3187         	fcall	_POWER_INITIAL
   267                           
   268                           ;test_61f14x_TIM1_PWM.C: 503: Time1Initial();
   269  07AA  27D0  3187         	fcall	_Time1Initial
   270  07AC                     l3719:	
   271                           
   272                           ;test_61f14x_TIM1_PWM.C: 506: {
   273                           ;test_61f14x_TIM1_PWM.C: 507: _nop();
   274  07AC  0000               	nop
   275  07AD  2FAC               	goto	l3719
   276  07AE                     __end_of_main:	
   277  07AE                     __ptext39:	
   278 ;; =============== function _Time1Initial ends ============
   279                           
   280                           
   281 ;; *************** function _POWER_INITIAL *****************
   282 ;; Defined at:
   283 ;;		line 31 in file "test_61f14x_TIM1_PWM.C"
   284 ;; Parameters:    Size  Location     Type
   285 ;;		None
   286 ;; Auto vars:     Size  Location     Type
   287 ;;		None
   288 ;; Return value:  Size  Location     Type
   289 ;;		None               void
   290 ;; Registers used:
   291 ;;		wreg, status,2
   292 ;; Tracked objects:
   293 ;;		On entry : 17F/0
   294 ;;		On exit  : 17F/3
   295 ;;		Unchanged: FFE80/0
   296 ;; Data sizes:     COMMON   BANK0   BANK1   BANK2   BANK3   BANK4   BANK5   BANK6
   297 ;;      Params:         0       0       0       0       0       0       0       0
   298 ;;      Locals:         0       0       0       0       0       0       0       0
   299 ;;      Temps:          0       0       0       0       0       0       0       0
   300 ;;      Totals:         0       0       0       0       0       0       0       0
   301 ;;Total ram usage:        0 bytes
   302 ;; Hardware stack levels used:    1
   303 ;; This function calls:
   304 ;;		Nothing
   305 ;; This function is called by:
   306 ;;		_main
   307 ;; This function uses a non-reentrant model
   308 ;;
   309  07AE                     _POWER_INITIAL:	
   310                           
   311                           ;test_61f14x_TIM1_PWM.C: 32: OSCCON = 0B01110001;
   312                           
   313                           ; Regs used in _POWER_INITIAL: [wreg+status,2]
   314  07AE  3071               	movlw	113
   315  07AF  0021               	movlb	1	; select bank1
   316  07B0  0099               	movwf	25	;volatile
   317                           
   318                           ;test_61f14x_TIM1_PWM.C: 34: INTCON = 0;
   319  07B1  018B               	clrf	11	;volatile
   320                           
   321                           ;test_61f14x_TIM1_PWM.C: 36: PORTA = 0B00000000;
   322  07B2  0020               	movlb	0	; select bank0
   323  07B3  018C               	clrf	12	;volatile
   324                           
   325                           ;test_61f14x_TIM1_PWM.C: 37: TRISA = 0B00000000;
   326  07B4  0021               	movlb	1	; select bank1
   327  07B5  018C               	clrf	12	;volatile
   328                           
   329                           ;test_61f14x_TIM1_PWM.C: 38: PORTB = 0B00000000;
   330  07B6  0020               	movlb	0	; select bank0
   331  07B7  018D               	clrf	13	;volatile
   332                           
   333                           ;test_61f14x_TIM1_PWM.C: 39: TRISB = 0B00000000;
   334  07B8  0021               	movlb	1	; select bank1
   335  07B9  018D               	clrf	13	;volatile
   336                           
   337                           ;test_61f14x_TIM1_PWM.C: 40: PORTC = 0B00000000;
   338  07BA  0020               	movlb	0	; select bank0
   339  07BB  018E               	clrf	14	;volatile
   340                           
   341                           ;test_61f14x_TIM1_PWM.C: 41: TRISC = 0B00000000;
   342  07BC  0021               	movlb	1	; select bank1
   343  07BD  018E               	clrf	14	;volatile
   344                           
   345                           ;test_61f14x_TIM1_PWM.C: 43: WPUA = 0B00000000;
   346  07BE  0023               	movlb	3	; select bank3
   347  07BF  018C               	clrf	12	;volatile
   348                           
   349                           ;test_61f14x_TIM1_PWM.C: 44: WPUB = 0B00000000;
   350  07C0  018D               	clrf	13	;volatile
   351                           
   352                           ;test_61f14x_TIM1_PWM.C: 45: WPUC = 0B00000000;
   353  07C1  018E               	clrf	14	;volatile
   354                           
   355                           ;test_61f14x_TIM1_PWM.C: 47: WPDA = 0B00000000;
   356  07C2  0024               	movlb	4	; select bank4
   357  07C3  018C               	clrf	12	;volatile
   358                           
   359                           ;test_61f14x_TIM1_PWM.C: 48: WPDB = 0B00000000;
   360  07C4  018D               	clrf	13	;volatile
   361                           
   362                           ;test_61f14x_TIM1_PWM.C: 49: WPDC = 0B00000000;
   363  07C5  018E               	clrf	14	;volatile
   364                           
   365                           ;test_61f14x_TIM1_PWM.C: 51: PSRC0 = 0B11111111;
   366  07C6  30FF               	movlw	255
   367  07C7  0022               	movlb	2	; select bank2
   368  07C8  009A               	movwf	26	;volatile
   369                           
   370                           ;test_61f14x_TIM1_PWM.C: 52: PSRC1 = 0B11111111;
   371  07C9  009B               	movwf	27	;volatile
   372                           
   373                           ;test_61f14x_TIM1_PWM.C: 54: PSINK0 = 0B11111111;
   374  07CA  0023               	movlb	3	; select bank3
   375  07CB  009A               	movwf	26	;volatile
   376                           
   377                           ;test_61f14x_TIM1_PWM.C: 55: PSINK1 = 0B11111111;
   378  07CC  009B               	movwf	27	;volatile
   379                           
   380                           ;test_61f14x_TIM1_PWM.C: 56: PSINK2 = 0B11111111;
   381  07CD  009C               	movwf	28	;volatile
   382                           
   383                           ;test_61f14x_TIM1_PWM.C: 58: ANSELA = 0B00000000;
   384  07CE  0197               	clrf	23	;volatile
   385  07CF  0008               	return
   386  07D0                     __end_of_POWER_INITIAL:	
   387  07D0                     __ptext38:	
   388 ;; =============== function _main ends ============
   389                           
   390                           
   391 ;; *************** function _Time1Initial *****************
   392 ;; Defined at:
   393 ;;		line 67 in file "test_61f14x_TIM1_PWM.C"
   394 ;; Parameters:    Size  Location     Type
   395 ;;		None
   396 ;; Auto vars:     Size  Location     Type
   397 ;;		None
   398 ;; Return value:  Size  Location     Type
   399 ;;		None               void
   400 ;; Registers used:
   401 ;;		wreg, status,2
   402 ;; Tracked objects:
   403 ;;		On entry : 17F/3
   404 ;;		On exit  : 17F/8
   405 ;;		Unchanged: FFE80/0
   406 ;; Data sizes:     COMMON   BANK0   BANK1   BANK2   BANK3   BANK4   BANK5   BANK6
   407 ;;      Params:         0       0       0       0       0       0       0       0
   408 ;;      Locals:         0       0       0       0       0       0       0       0
   409 ;;      Temps:          0       0       0       0       0       0       0       0
   410 ;;      Totals:         0       0       0       0       0       0       0       0
   411 ;;Total ram usage:        0 bytes
   412 ;; Hardware stack levels used:    1
   413 ;; This function calls:
   414 ;;		Nothing
   415 ;; This function is called by:
   416 ;;		_main
   417 ;; This function uses a non-reentrant model
   418 ;;
   419  07D0                     _Time1Initial:	
   420                           
   421                           ;test_61f14x_TIM1_PWM.C: 68: PCKEN |= 0B00000010;
   422                           
   423                           ; Regs used in _Time1Initial: [wreg+status,2]
   424  07D0  0021               	movlb	1	; select bank1
   425  07D1  149A               	bsf	26,1	;volatile
   426                           
   427                           ;test_61f14x_TIM1_PWM.C: 69: CKOCON = 0B00100000;
   428  07D2  3020               	movlw	32
   429  07D3  0095               	movwf	21	;volatile
   430                           
   431                           ;test_61f14x_TIM1_PWM.C: 70: TCKSRC = 0B00000011;
   432  07D4  3003               	movlw	3
   433  07D5  0026               	movlb	6	; select bank6
   434  07D6  009F               	movwf	31	;volatile
   435                           
   436                           ;test_61f14x_TIM1_PWM.C: 97: TIM1CR1 =0B10000101;
   437  07D7  3085               	movlw	133
   438  07D8  0024               	movlb	4	; select bank4
   439  07D9  0091               	movwf	17	;volatile
   440                           
   441                           ;test_61f14x_TIM1_PWM.C: 137: TIM1CR2 =0B00000000;
   442  07DA  0192               	clrf	18	;volatile
   443                           
   444                           ;test_61f14x_TIM1_PWM.C: 158: TIM1SMCR=0B00000000;
   445  07DB  0193               	clrf	19	;volatile
   446                           
   447                           ;test_61f14x_TIM1_PWM.C: 188: TIM1ETR =0B00000000;
   448  07DC  0194               	clrf	20	;volatile
   449                           
   450                           ;test_61f14x_TIM1_PWM.C: 227: TIM1IER =0B00000000;
   451  07DD  0195               	clrf	21	;volatile
   452                           
   453                           ;test_61f14x_TIM1_PWM.C: 260: TIM1SR1 =0B00000000;
   454  07DE  0196               	clrf	22	;volatile
   455                           
   456                           ;test_61f14x_TIM1_PWM.C: 304: TIM1SR2 =0B00000000;
   457  07DF  0197               	clrf	23	;volatile
   458                           
   459                           ;test_61f14x_TIM1_PWM.C: 306: TIM1EGR =0B00000000;
   460  07E0  0198               	clrf	24	;volatile
   461                           
   462                           ;test_61f14x_TIM1_PWM.C: 343: TIM1CCMR1 =0B01101000;
   463  07E1  3068               	movlw	104
   464  07E2  0099               	movwf	25	;volatile
   465                           
   466                           ;test_61f14x_TIM1_PWM.C: 385: TIM1CCMR2 =0B00000000;
   467  07E3  019A               	clrf	26	;volatile
   468                           
   469                           ;test_61f14x_TIM1_PWM.C: 386: TIM1CCMR3 =0B00000000;
   470  07E4  019B               	clrf	27	;volatile
   471                           
   472                           ;test_61f14x_TIM1_PWM.C: 387: TIM1CCMR4 =0B00000000;
   473  07E5  019C               	clrf	28	;volatile
   474                           
   475                           ;test_61f14x_TIM1_PWM.C: 389: TIM1CCER1 =0B00001111;
   476  07E6  300F               	movlw	15
   477  07E7  009D               	movwf	29	;volatile
   478                           
   479                           ;test_61f14x_TIM1_PWM.C: 438: TIM1CCER2 =0B00000000;
   480  07E8  019E               	clrf	30	;volatile
   481                           
   482                           ;test_61f14x_TIM1_PWM.C: 440: TIM1CNTRH =0B00000000;
   483  07E9  0025               	movlb	5	; select bank5
   484  07EA  018C               	clrf	12	;volatile
   485                           
   486                           ;test_61f14x_TIM1_PWM.C: 441: TIM1CNTRL =0B00000000;
   487  07EB  018D               	clrf	13	;volatile
   488                           
   489                           ;test_61f14x_TIM1_PWM.C: 443: TIM1PSCRH =0B00000000;
   490  07EC  018E               	clrf	14	;volatile
   491                           
   492                           ;test_61f14x_TIM1_PWM.C: 444: TIM1PSCRL =0B00000000;
   493  07ED  018F               	clrf	15	;volatile
   494                           
   495                           ;test_61f14x_TIM1_PWM.C: 446: TIM1ARRH =0x03;
   496  07EE  3003               	movlw	3
   497  07EF  0090               	movwf	16	;volatile
   498                           
   499                           ;test_61f14x_TIM1_PWM.C: 447: TIM1ARRL =0xe8;
   500  07F0  30E8               	movlw	232
   501  07F1  0091               	movwf	17	;volatile
   502                           
   503                           ;test_61f14x_TIM1_PWM.C: 449: TIM1RCR =0B00001111;
   504  07F2  300F               	movlw	15
   505  07F3  0092               	movwf	18	;volatile
   506                           
   507                           ;test_61f14x_TIM1_PWM.C: 451: TIM1CCR1H =0x01;
   508  07F4  3001               	movlw	1
   509  07F5  0093               	movwf	19	;volatile
   510                           
   511                           ;test_61f14x_TIM1_PWM.C: 452: TIM1CCR1L =0xf4;
   512  07F6  30F4               	movlw	244
   513  07F7  0094               	movwf	20	;volatile
   514                           
   515                           ;test_61f14x_TIM1_PWM.C: 454: TIM1BKR =0B11000000;
   516  07F8  30C0               	movlw	192
   517  07F9  009B               	movwf	27	;volatile
   518                           
   519                           ;test_61f14x_TIM1_PWM.C: 455: TIM1DTR =0B00000111;
   520  07FA  3007               	movlw	7
   521  07FB  009C               	movwf	28	;volatile
   522                           
   523                           ;test_61f14x_TIM1_PWM.C: 462: TIM1OISR =0B00000000;
   524  07FC  019D               	clrf	29	;volatile
   525                           
   526                           ;test_61f14x_TIM1_PWM.C: 472: LEBCON =0B00000000;
   527  07FD  0028               	movlb	8	; select bank8
   528  07FE  019C               	clrf	28	;volatile
   529  07FF  0008               	return
   530  0800                     __end_of_Time1Initial:	
   531                           
   532                           	psect	cstackCOMMON
   533  0000                     __pcstackCOMMON:	
   534  0000                     ?_POWER_INITIAL:	
   535  0000                     ??_POWER_INITIAL:	
   536                           ; 0 bytes @ 0x0
   537                           
   538  0000                     ?_Time1Initial:	
   539                           ; 0 bytes @ 0x0
   540                           
   541  0000                     ??_Time1Initial:	
   542                           ; 0 bytes @ 0x0
   543                           
   544  0000                     ?_main:	
   545                           ; 0 bytes @ 0x0
   546                           
   547  0000                     ??_main:	
   548                           ; 0 bytes @ 0x0
   549                           
   550                           
   551                           	psect	text40
   552  0000                     __ptext40:	
   553 ;; =============== function _POWER_INITIAL ends ============
   554                           
   555  007E                     btemp	set	126	;btemp
   556  007E                     wtemp0	set	126


HI-TECH Software PICC Macro Assembler V9.83 build 10920 
Symbol Table                                                                                   Sun Jan 02 21:08:46 2022

                  l1595 0000                    l3701 0000                    l1598 0000                    l3711 0000  
                  l3703 0000                    l3713 0000                    l3705 0000                    l3651 0000  
                  l3643 0000                    l3715 0000                    l3707 0000                    l3661 0000  
                  l3653 0000                    l3645 0000                    l3709 0000                    l3717 0000  
                  l3671 0000                    l3663 0000                    l3655 0000                    l3647 0000  
                  l3719 07AC                    l3673 0000                    l3665 0000                    l3657 0000  
                  l3649 0000                    l3681 0000                    l3675 0000                    l3667 0000  
                  l3659 0000                    l3691 0000                    l3683 0000                    l3677 0000  
                  l3669 0000                    l3693 0000                    l3685 0000                    l3679 0000  
                  l3695 0000                    l3687 0000                    l3697 0000                    l3689 0000  
                  l3699 0000                    _WPDA 020C                    _WPDB 020D                    _WPDC 020E  
                  _WPUA 018C                    _WPUB 018D                    _WPUC 018E                    _main 07A8  
                  btemp 007E                    start 0002                   ?_main 0000                   _PCKEN 009A  
                 _PSRC0 011A                   _PSRC1 011B                   _PORTA 000C                   _PORTB 000D  
                 _PORTC 000E                   _TRISA 008C                   _TRISB 008D                   _TRISC 008E  
                 wtemp0 007E            __end_of_main 07AE                  ??_main 0000                  _CKOCON 0095  
                _ANSELA 0197                  _LEBCON 041C                  _INTCON 000B                  _OSCCON 0099  
                _TCKSRC 031F                  _PSINK0 019A                  _PSINK1 019B                  _PSINK2 019C  
         ?_Time1Initial 0000   __end_of_POWER_INITIAL 07D0          __pcstackCOMMON 0000          ??_Time1Initial 0000  
            __pmaintext 07A8                 _TIM1CR1 0211                 _TIM1CR2 0212                 _TIM1BKR 029B  
               _TIM1EGR 0218                 _TIM1IER 0215                 _TIM1DTR 029C                 _TIM1ETR 0214  
               _TIM1RCR 0292                 _TIM1SR1 0216                 _TIM1SR2 0217    end_of_initialization 07A6  
             _TIM1CCER1 021D               _TIM1CCER2 021E               _TIM1CCR1H 0293               _TIM1CCR1L 0294  
             _TIM1CCMR1 0219               _TIM1CCMR2 021A               _TIM1CCMR3 021B               _TIM1CCMR4 021C  
             _TIM1CNTRH 028C               _TIM1CNTRL 028D               _TIM1PSCRH 028E               _TIM1PSCRL 028F  
  __end_of_Time1Initial 0800     start_initialization 07A6  __size_of_POWER_INITIAL 0022   __size_of_Time1Initial 0030  
          _Time1Initial 07D0           _POWER_INITIAL 07AE                _TIM1ARRH 0290                _TIM1ARRL 0291  
              _TIM1OISR 029D                _TIM1SMCR 0213          ?_POWER_INITIAL 0000                __ptext40 0000  
              __ptext37 0000                __ptext38 07D0                __ptext39 07AE           __size_of_main 0006  
       ??_POWER_INITIAL 0000  
